AR trigger_recv_blk behavioral D:/rrivera_projects/MainProject/GEL_CAPTAN/trigger_recv_blk.vhd sub00/vhpl69 1463676535
EN address_container NULL D:/rrivera_projects/MainProject/oei/address_container.vhd sub00/vhpl02 1463676470
AR m2_1_mxilinx_top_level behavioral D:/rrivera_projects/MainProject/GEL_CAPTAN/TOP_LEVEL.vhf sub00/vhpl73 1463676545
EN ethernet_controller NULL D:/rrivera_projects/MainProject/oei/ethernet_controller.vhd sub00/vhpl40 1463676508
AR reset_mgr behavioral D:/rrivera_projects/MainProject/oei/reset_mgr.vhd sub00/vhpl53 1463676521
EN filter_data_out NULL D:/rrivera_projects/MainProject/oei/filter_data_out.vhd sub00/vhpl16 1463676484
PH params_package NULL D:/rrivera_projects/MainProject/oei/params_package.vhd sub00/vhpl00 1463676468
EN ethernet_controller_wrapper NULL D:/rrivera_projects/MainProject/oei/ethernet_controller_wrapper.vhd sub00/vhpl46 1463676514
AR addr_fifo addr_fifo_a D:/rrivera_projects/MainProject/ipcore_dir/ADDR_FIFO.vhd sub00/vhpl31 1463676499
EN reset_mgr NULL D:/rrivera_projects/MainProject/oei/reset_mgr.vhd sub00/vhpl52 1463676520
AR ram_comm_dec arch D:/rrivera_projects/MainProject/oei/ram_comm_dec.vhd sub00/vhpl37 1463676505
AR fadc_read_ctrl behavioral "C:/Users/Collin/Fermilab/Main Project 1/GEL_CAPTAN/FADC_READ_CTRL.vhd" sub00/vhpl65 1462402841
EN ip_checksum_calc NULL D:/rrivera_projects/MainProject/oei/ip_checksum_calc.vhd sub00/vhpl08 1463676476
EN data_manager NULL D:/rrivera_projects/MainProject/oei/data_manager.vhd sub00/vhpl48 1463676516
EN reset_tester NULL D:/rrivera_projects/MainProject/GEL_CAPTAN/reset_tester.vhd sub00/vhpl84 1463676542
EN burst_controller_sm NULL D:/rrivera_projects/MainProject/oei/burst_controller_sm.vhd sub00/vhpl32 1463676500
PH fadc_params_package NULL D:/rrivera_projects/MainProject/GEL_CAPTAN/fadc_params_package.vhd sub00/vhpl54 1463676522
AR buffer_10bit behavioral D:/rrivera_projects/MainProject/GEL_CAPTAN/buffer_10bit.vhd sub00/vhpl67 1463676533
EN dataout_mux NULL D:/rrivera_projects/MainProject/oei/dataout_mux.vhd sub00/vhpl12 1463676480
AR burst_traffic_controller burst_traffic_controller_arch D:/rrivera_projects/MainProject/oei/burst_traffic_controller.vhd sub00/vhpl51 1463676519
AR version_blk behavioral D:/rrivera_projects/MainProject/GEL_CAPTAN/VERSION_BLK.vhd sub00/vhpl59 1463676527
EN data_fifo_0 NULL D:/rrivera_projects/MainProject/ipcore_dir/DATA_FIFO_0.vhd sub00/vhpl26 1463676494
AR fadc_mem fadc_mem_a D:/rrivera_projects/MainProject/GEL_CAPTAN/fadc_mem.vhd sub00/vhpl57 1463676525
AR udp_data_splicer udp_data_splicer_arch D:/rrivera_projects/MainProject/oei/udp_data_splicer.vhd sub00/vhpl23 1463676491
AR address_container arch D:/rrivera_projects/MainProject/oei/address_container.vhd sub00/vhpl03 1463676471
AR top_level behavioral D:/rrivera_projects/MainProject/GEL_CAPTAN/TOP_LEVEL.vhf sub00/vhpl79 1463676551
AR mux64_8 behavioral D:/rrivera_projects/MainProject/GEL_CAPTAN/MUX64_8.vhd sub00/vhpl61 1463676529
EN or33 NULL D:/rrivera_projects/MainProject/oei/or33.vhd sub00/vhpl06 1463676474
EN d4_16e_mxilinx_top_level NULL D:/rrivera_projects/MainProject/GEL_CAPTAN/TOP_LEVEL.vhf sub00/vhpl76 1463676548
AR tx_seq_ctl arch D:/rrivera_projects/MainProject/oei/tx_seq_ctl.vhd sub00/vhpl39 1463676507
AR icmp_ping_shift_reg arch D:/rrivera_projects/MainProject/oei/icmp_ping_shift_reg.vhd sub00/vhpl21 1463676489
EN fadc_read_ctrl NULL "C:/Users/Collin/Fermilab/Main Project 1/GEL_CAPTAN/FADC_READ_CTRL.vhd" sub00/vhpl64 1462402840
AR fd16re_mxilinx_top_level behavioral D:/rrivera_projects/MainProject/GEL_CAPTAN/TOP_LEVEL.vhf sub00/vhpl75 1463676547
AR decipherer decipherer_arch D:/rrivera_projects/MainProject/oei/decipherer.vhd sub00/vhpl15 1463676483
EN ram_comm_dec NULL D:/rrivera_projects/MainProject/oei/ram_comm_dec.vhd sub00/vhpl36 1463676504
EN tx_seq_ctl NULL D:/rrivera_projects/MainProject/oei/tx_seq_ctl.vhd sub00/vhpl38 1463676506
AR reset_tester behavioral D:/rrivera_projects/MainProject/GEL_CAPTAN/reset_tester.vhd sub00/vhpl85 1463676543
AR ethernet_controller_wrapper arch D:/rrivera_projects/MainProject/oei/ethernet_controller_wrapper.vhd sub00/vhpl47 1463676515
EN rx_ctl NULL D:/rrivera_projects/MainProject/oei/rx_ctl.vhd sub00/vhpl34 1463676502
AR filter_data_out filter_data_out_arch D:/rrivera_projects/MainProject/oei/filter_data_out.vhd sub00/vhpl17 1463676485
MO crc_gen NULL ../oei/crc_gen.v vlg21/crc__gen.bin 1463676469
EN pulser NULL D:/rrivera_projects/MainProject/GEL_CAPTAN/Pulser.vhd sub00/vhpl82 1463676540
AR info_fifo_0 info_fifo_0_a D:/rrivera_projects/MainProject/ipcore_dir/INFO_FIFO_0.vhd sub00/vhpl29 1463676497
AR pulser behavioral D:/rrivera_projects/MainProject/GEL_CAPTAN/Pulser.vhd sub00/vhpl83 1463676541
EN fadc_mem NULL D:/rrivera_projects/MainProject/GEL_CAPTAN/fadc_mem.vhd sub00/vhpl56 1463676524
EN version_blk NULL D:/rrivera_projects/MainProject/GEL_CAPTAN/VERSION_BLK.vhd sub00/vhpl58 1463676526
AR data_send behavioral D:/rrivera_projects/MainProject/GEL_CAPTAN/data_send.vhd sub00/vhpl81 1463676539
AR rx_ctl arch D:/rrivera_projects/MainProject/oei/rx_ctl.vhd sub00/vhpl35 1463676503
AR data_fifo_0 data_fifo_0_a D:/rrivera_projects/MainProject/ipcore_dir/DATA_FIFO_0.vhd sub00/vhpl27 1463676495
AR ip_checksum_calc arch D:/rrivera_projects/MainProject/oei/ip_checksum_calc.vhd sub00/vhpl09 1463676477
EN create_packet NULL D:/rrivera_projects/MainProject/oei/create_packet.vhd sub00/vhpl10 1463676478
AR burst_controller_sm burst_controller_sm_arch D:/rrivera_projects/MainProject/oei/burst_controller_sm.vhd sub00/vhpl33 1463676501
AR crc_splice arch D:/rrivera_projects/MainProject/oei/crc_splice.vhd sub00/vhpl45 1463676513
AR d4_16e_mxilinx_top_level behavioral D:/rrivera_projects/MainProject/GEL_CAPTAN/TOP_LEVEL.vhf sub00/vhpl77 1463676549
PB fadc_params_package fadc_params_package D:/rrivera_projects/MainProject/GEL_CAPTAN/fadc_params_package.vhd sub00/vhpl55 1463676523
EN icmp_ping_shift_reg NULL D:/rrivera_projects/MainProject/oei/icmp_ping_shift_reg.vhd sub00/vhpl20 1463676488
AR ethernet_controller arch D:/rrivera_projects/MainProject/oei/ethernet_controller.vhd sub00/vhpl41 1463676509
EN data_send NULL D:/rrivera_projects/MainProject/GEL_CAPTAN/data_send.vhd sub00/vhpl80 1463676538
EN icmp_ping_checksum_calc NULL D:/rrivera_projects/MainProject/oei/icmp_ping_checksum_calc.vhd sub00/vhpl18 1463676486
AR icmp_ping_checksum_calc icmp_ping_checksum_calc_arch D:/rrivera_projects/MainProject/oei/icmp_ping_checksum_calc.vhd sub00/vhpl19 1463676487
AR user_addrs_mux user_addrs_mux_arch D:/rrivera_projects/MainProject/oei/user_addrs_mux.vhd sub00/vhpl25 1463676493
EN m2_1_mxilinx_top_level NULL D:/rrivera_projects/MainProject/GEL_CAPTAN/TOP_LEVEL.vhf sub00/vhpl72 1463676544
EN buffer_10bit NULL D:/rrivera_projects/MainProject/GEL_CAPTAN/buffer_10bit.vhd sub00/vhpl66 1463676532
AR create_packet create_packet_arch D:/rrivera_projects/MainProject/oei/create_packet.vhd sub00/vhpl11 1463676479
EN burst_traffic_controller NULL D:/rrivera_projects/MainProject/oei/burst_traffic_controller.vhd sub00/vhpl50 1463676518
AR or33 or33_arch D:/rrivera_projects/MainProject/oei/or33.vhd sub00/vhpl07 1463676475
AR fadc_write_ctrl behavioral D:/rrivera_projects/MainProject/GEL_CAPTAN/FADC_WRITE_CTRL.vhd sub00/vhpl63 1463676531
AR arp_reply arp_reply_arch D:/rrivera_projects/MainProject/oei/arp_reply.vhd sub00/vhpl05 1463676473
EN user_addrs_mux NULL D:/rrivera_projects/MainProject/oei/user_addrs_mux.vhd sub00/vhpl24 1463676492
EN trigger_recv_blk NULL D:/rrivera_projects/MainProject/GEL_CAPTAN/trigger_recv_blk.vhd sub00/vhpl68 1463676534
EN mii_100_1000_handler NULL D:/rrivera_projects/MainProject/oei/xmii_handler.vhd sub00/vhpl42 1463676510
EN crc_splice NULL D:/rrivera_projects/MainProject/oei/crc_splice.vhd sub00/vhpl44 1463676512
AR ethernet_interface behavioral D:/rrivera_projects/MainProject/oei/ethernet_interface.vhd sub00/vhpl71 1463676537
EN ethernet_interface NULL D:/rrivera_projects/MainProject/oei/ethernet_interface.vhd sub00/vhpl70 1463676536
EN fd16re_mxilinx_top_level NULL D:/rrivera_projects/MainProject/GEL_CAPTAN/TOP_LEVEL.vhf sub00/vhpl74 1463676546
EN udp_data_splicer NULL D:/rrivera_projects/MainProject/oei/udp_data_splicer.vhd sub00/vhpl22 1463676490
AR dataout_mux dataout_mux_arch D:/rrivera_projects/MainProject/oei/dataout_mux.vhd sub00/vhpl13 1463676481
AR data_manager behavioral D:/rrivera_projects/MainProject/oei/data_manager.vhd sub00/vhpl49 1463676517
EN info_fifo_0 NULL D:/rrivera_projects/MainProject/ipcore_dir/INFO_FIFO_0.vhd sub00/vhpl28 1463676496
EN arp_reply NULL D:/rrivera_projects/MainProject/oei/arp_reply.vhd sub00/vhpl04 1463676472
MO crc_chk NULL ../oei/crc_chk.v vlg49/crc__chk.bin 1463676469
AR mii_100_1000_handler arch D:/rrivera_projects/MainProject/oei/xmii_handler.vhd sub00/vhpl43 1463676511
PB params_package params_package D:/rrivera_projects/MainProject/oei/params_package.vhd sub00/vhpl01 1463676469
EN mux64_8 NULL D:/rrivera_projects/MainProject/GEL_CAPTAN/MUX64_8.vhd sub00/vhpl60 1463676528
EN top_level NULL D:/rrivera_projects/MainProject/GEL_CAPTAN/TOP_LEVEL.vhf sub00/vhpl78 1463676550
EN decipherer NULL D:/rrivera_projects/MainProject/oei/decipherer.vhd sub00/vhpl14 1463676482
EN addr_fifo NULL D:/rrivera_projects/MainProject/ipcore_dir/ADDR_FIFO.vhd sub00/vhpl30 1463676498
EN fadc_write_ctrl NULL D:/rrivera_projects/MainProject/GEL_CAPTAN/FADC_WRITE_CTRL.vhd sub00/vhpl62 1463676530
